{
  "schema_version": "1.0",
  "data": {
    "chain": "minimal-success",
    "status": "success",
    "steps": [
      {
        "id": "greet",
        "run": "echo hello world",
        "status": "ok",
        "stdout": "hello world\n",
        "duration_ms": 0
      },
      {
        "id": "tail",
        "run": "echo done",
        "status": "ok",
        "stdout": "done\n",
        "duration_ms": 0
      }
    ],
    "duration_ms": 0
  }
}
