{
  "schema_version": "1.0",
  "data": {
    "chain": "retry-recovers",
    "status": "success",
    "steps": [
      {
        "id": "flaky",
        "run": "n=$(cat '<TEMPDIR>/attempts' 2\u003e/dev/null || echo 0); n=$((n+1)); echo $n \u003e '<TEMPDIR>/attempts'; if [ $n -lt 3 ]; then exit 1; fi; echo recovered",
        "status": "ok",
        "stdout": "recovered\n",
        "duration_ms": 0,
        "attempts": 3
      }
    ],
    "duration_ms": 0
  }
}
