{"item":{"number":7,"title":{"_trust":"external","_value":"first feature"},"state":"open","author":{"login":"alice"},"head":{"ref":"feature/x","sha":"deadbeef"},"base":{"ref":"main","sha":"cafebabe"},"draft":false,"created_at":"2026-04-01T00:00:00Z","updated_at":"2026-04-02T00:00:00Z"}}
{"item":{"number":8,"title":{"_trust":"external","_value":"second"},"state":"merged","author":{"login":"bob"},"head":{"ref":"feature/y","sha":"11111111"},"base":{"ref":"main","sha":"22222222"},"draft":false,"created_at":"2026-04-03T00:00:00Z","updated_at":"2026-04-04T00:00:00Z","merged_at":"2026-04-04T00:00:00Z"}}
{"_metadata":{"next_cursor":null,"schema_version":"1.0","total":2}}
