{
  "schema_version": "1.0",
  "data": {
    "id": 7,
    "title": {
      "_trust": "external",
      "_value": "v0.4.0"
    },
    "description": {
      "_trust": "external",
      "_value": "shipped features"
    },
    "state": "open",
    "due_on": "2026-05-01T00:00:00Z",
    "open_issues": 5,
    "closed_issues": 3,
    "created_at": "2026-04-01T00:00:00Z",
    "updated_at": "2026-04-15T00:00:00Z"
  }
}
