{
  "schema_version": "1.0",
  "data": [
    {
      "author": {
        "login": "alice"
      },
      "body": {
        "_trust": "external",
        "_value": "fixes + small features"
      },
      "created_at": "2026-04-10T00:00:00Z",
      "draft": false,
      "id": 9,
      "name": {
        "_trust": "external",
        "_value": "v0.2.0"
      },
      "prerelease": false,
      "published_at": "2026-04-10T00:00:00Z",
      "tag_name": "v0.2.0",
      "target_commitish": "main"
    },
    {
      "author": {
        "login": "alice"
      },
      "body": {
        "_trust": "external",
        "_value": "first release"
      },
      "created_at": "2026-04-01T00:00:00Z",
      "draft": false,
      "id": 8,
      "name": {
        "_trust": "external",
        "_value": "first"
      },
      "prerelease": true,
      "published_at": "2026-04-01T00:00:00Z",
      "tag_name": "v0.1.0",
      "target_commitish": "main"
    }
  ]
}
