{
  "schema_version": "1.0",
  "data": {
    "number": 42,
    "title": {
      "_trust": "external",
      "_value": "answer"
    },
    "state": "open",
    "author": {
      "login": "alice"
    },
    "labels": [
      {
        "name": "p1"
      }
    ],
    "body": {
      "_trust": "external",
      "_value": "what's the answer?"
    },
    "created_at": "2026-04-01T00:00:00Z",
    "updated_at": "2026-04-02T00:00:00Z"
  }
}
