{
  "schema_version": "1.0",
  "data": [
    {
      "last_commit": "abc1234",
      "path": "Home",
      "title": {
        "_trust": "external",
        "_value": "Home"
      },
      "updated_at": "2026-04-01T00:00:00Z"
    },
    {
      "last_commit": "def5678",
      "path": "Setup",
      "title": {
        "_trust": "external",
        "_value": "Setup"
      },
      "updated_at": "2026-04-02T00:00:00Z"
    }
  ]
}
