{
  "schema_version": "1.0",
  "data": {
    "author": {
      "login": "alice"
    },
    "body": {
      "_trust": "external",
      "_value": "repro: …"
    },
    "created_at": "2026-04-01T00:00:00Z",
    "labels": [
      {
        "name": "bug"
      }
    ],
    "number": 7,
    "state": "open",
    "title": {
      "_trust": "external",
      "_value": "new bug"
    },
    "updated_at": "2026-04-01T00:00:00Z"
  }
}
