{
  "schema_version": "1.0",
  "data": {
    "id": 9,
    "tag_name": "v0.2.1",
    "name": "renamed",
    "body": "old body",
    "draft": false,
    "prerelease": false,
    "author": {
      "login": "alice"
    },
    "target_commitish": "main",
    "created_at": "2026-04-10T00:00:00Z",
    "published_at": "2026-04-10T00:00:00Z"
  }
}
