{
  "schema_version": "1.0",
  "data": {
    "chain": "yield-then-resume",
    "status": "yielded",
    "steps": [
      {
        "id": "first",
        "run": "echo first",
        "status": "ok",
        "stdout": "first\n",
        "duration_ms": 0
      },
      {
        "id": "maybe-yield",
        "run": "if [ ! -f '<TEMPDIR>/sentinel' ]; then touch '<TEMPDIR>/sentinel'; exit 5; fi; echo recovered",
        "status": "yielded",
        "exit_code": 5,
        "duration_ms": 0
      }
    ],
    "duration_ms": 0,
    "resume_token": "<TOKEN>",
    "yield_reason": "rate_limited",
    "yield_payload": {
      "exit_code": 5,
      "stderr": "",
      "stdout": "",
      "step": "maybe-yield"
    },
    "remaining_steps": [
      "tail"
    ]
  }
}
