{
  "schema_version": "1.0",
  "data": {
    "chain": "for-each-serial",
    "status": "success",
    "steps": [
      {
        "id": "list",
        "run": "echo '[\"alpha\",\"bravo\",\"charlie\"]'",
        "status": "ok",
        "stdout": "[\"alpha\",\"bravo\",\"charlie\"]\n",
        "duration_ms": 0
      },
      {
        "id": "greet",
        "status": "ok",
        "duration_ms": 0,
        "sub_steps": [
          {
            "id": "greet[0]",
            "run": "echo greet 'alpha' idx '0'",
            "status": "ok",
            "stdout": "greet alpha idx 0\n",
            "duration_ms": 0
          },
          {
            "id": "greet[1]",
            "run": "echo greet 'bravo' idx '1'",
            "status": "ok",
            "stdout": "greet bravo idx 1\n",
            "duration_ms": 0
          },
          {
            "id": "greet[2]",
            "run": "echo greet 'charlie' idx '2'",
            "status": "ok",
            "stdout": "greet charlie idx 2\n",
            "duration_ms": 0
          }
        ]
      }
    ],
    "captured": {
      "items": [
        "alpha",
        "bravo",
        "charlie"
      ]
    },
    "duration_ms": 0
  }
}
