{
  "schema_version": "1.0",
  "data": {
    "assets": [
      {
        "name": "gaia-darwin-amd64.tar.gz",
        "path": "<SCENARIODIR>/assets/gaia-darwin-amd64.tar.gz",
        "size": 20,
        "content_type": "application/gzip",
        "uploaded": true
      },
      {
        "name": "gaia-linux-amd64.tar.gz",
        "path": "<SCENARIODIR>/assets/gaia-linux-amd64.tar.gz",
        "size": 19,
        "content_type": "application/gzip",
        "uploaded": true
      }
    ],
    "created": true,
    "release": {
      "author": {
        "login": "alice"
      },
      "body": {
        "_trust": "external",
        "_value": "release notes"
      },
      "created_at": "2026-04-20T00:00:00Z",
      "draft": false,
      "id": 50,
      "name": {
        "_trust": "external",
        "_value": "v1.0.0"
      },
      "prerelease": false,
      "published_at": "2026-04-20T00:00:00Z",
      "tag_name": "v1.0.0",
      "target_commitish": "main"
    },
    "tag": "v1.0.0"
  }
}
