{
  "schema_version": "1.0",
  "data": {
    "author": {
      "login": "alice"
    },
    "body": {
      "_trust": "external",
      "_value": "shipped at last"
    },
    "created_at": "2026-04-15T00:00:00Z",
    "draft": false,
    "id": 12,
    "name": {
      "_trust": "external",
      "_value": "First major"
    },
    "prerelease": true,
    "published_at": "2026-04-15T00:00:00Z",
    "tag_name": "v1.0.0",
    "target_commitish": "main"
  }
}
